main.c:197:6:all_on_SEG	8	static
main.c:218:6:delay	24	static
main.c:226:6:initSEG	16	static
main.c:244:6:uprintchar	32	static
main.c:258:6:printchar	48	static
main.c:291:6:printFigures	24	static
main.c:304:6:affichageDig	48	static
main.c:387:6:affichageChar	32	static
main.c:429:5:main	80	static
main.c:711:6:SystemClock_Config	96	static
main.c:754:13:MX_ADC1_Init	24	static
main.c:799:13:MX_TIM2_Init	64	static
main.c:867:13:MX_TIM3_Init	64	static
main.c:934:13:MX_GPIO_Init	40	static
main.c:1017:6:Error_Handler	4	static,ignoring_inline_asm
