main.c:199:6:all_on_SEG	8	static
main.c:220:6:delay	24	static
main.c:228:6:initSEG	16	static
main.c:246:6:uprintchar	32	static
main.c:260:6:printchar	48	static
main.c:293:6:printFigures	24	static
main.c:306:6:affichageDig	48	static
main.c:404:6:affichageChar	32	static
main.c:495:5:main	104	static
main.c:1007:6:SystemClock_Config	96	static
main.c:1052:13:MX_ADC1_Init	24	static
main.c:1097:13:MX_TIM2_Init	64	static
main.c:1165:13:MX_TIM3_Init	64	static
main.c:1232:13:MX_GPIO_Init	40	static
main.c:1318:6:Error_Handler	4	static,ignoring_inline_asm
